AWSTemplateFormatVersion: 2010-09-09
Outputs:
  myIncomingPG:
    Export:
      Name:
        Fn::Sub: ${AWS::StackName}-myIncomingPG
    Value:
      Ref: myIncomingPG
  myIncomingPG-GroupId:
    Export:
      Name:
        Fn::Sub: ${AWS::StackName}-myIncomingPG-GroupId
    Value:
      Fn::GetAtt:
      - myIncomingPG
      - GroupId
Resources:
  myIncomingPG:
    Properties:
      GroupDescription: RDS Postgres Outgoing Security Group
      GroupName: myIncomingPG
      SecurityGroupEgress:
      - CidrIp: 192.168.1.0/20
        FromPort: 5432
        IpProtocol: tcp
        ToPort: 5432
      - CidrIp: 192.168.2.0/20
        FromPort: 5432
        IpProtocol: tcp
        ToPort: 5432
      VpcId: vpcid-wof03ef3
    Type: AWS::EC2::SecurityGroup
