AWSTemplateFormatVersion: 2010-09-09
Outputs:
  myRotater:
    Export:
      Name:
        Fn::Sub: ${AWS::StackName}-myRotater
    Value:
      Fn::GetAtt:
      - myRotater
      - Arn
Resources:
  myRotater:
    Properties:
      Code:
        S3Bucket: mybucket
        S3Key: mykey
      Description: RDS Postgres Rotater
      Environment:
        Variables:
          SECRETS_MANAGER_ENDPOINT: eyAiRm46OlNlbGVjdCI6IFsgJ1x4MDAnLCAgImV5QWlSbTQ2T2tkbGRFRjBkQ0lnT2lCYklDSnRlVlpRUTBWdVpIQnZhVzUwSWl3Z0lrUnVjMFZ1ZEhKcFpYTWlJRjBnZlE9PSIgXSB9
      Handler: lambda_function.lambda_handler
      Role:
        Fn::GetAtt:
        - myRole
        - Arn
      Runtime: python3.8
      Timeout: 30
      VpcConfig:
        SecurityGroupIds:
        - Fn::GetAtt:
          - mySecGroup
          - GroupId
        SubnetIds:
        - subnet893u290uf
        - subnet90uf03j
    Type: AWS::Lambda::Function
