AWSTemplateFormatVersion: 2010-09-09
Resources:
  myPostgresRotationSchedule:
    DependsOn:
    - mySecretAttachment
    Properties:
      RotationLambdaARN:
        Fn::GetAtt:
        - myLambdaFunction
        - Arn
      RotationRules:
        AutomaticallyAfterDays: 30
      SecretId:
        Ref: mySecret
    Type: AWS::SecretsManager::RotationSchedule
