url: https://argocd.test.oslo.systems
hostname: argocd.test.oslo.systems
certificatearn: arn:aws:acm:eu-west-1:123456789012/certificate/12345abc
region: ""
clientid: client12345
organisation: oslokommune
authdomain: auth.oslo.systems
userpoolid: VBNJ6723FAKE
repourl: git@github.com:oslokommune/test.git
reponame: test
privatekeysecretname: argocd-test-oslokommune-private-key
privatekeysecretkey: ssh-private-key
