{
  "Normal": [
    {
      "Type": "service-quota",
      "State": 1,
      "Data": null,
      "Children": null
    },
    {
      "Type": "hosted-zone",
      "State": 1,
      "Data": null,
      "Children": null
    },
    {
      "Type": "nameserver-delegator",
      "State": 1,
      "Data": null,
      "Children": null
    },
    {
      "Type": "vpc",
      "State": 1,
      "Data": null,
      "Children": null
    },
    {
      "Type": "cleanup-sg",
      "State": 1,
      "Data": null,
      "Children": null
    },
    {
      "Type": "cluster",
      "State": 1,
      "Data": null,
      "Children": null
    },
    {
      "Type": "cleanup-alb",
      "State": 1,
      "Data": null,
      "Children": null
    },
    {
      "Type": "external-secrets",
      "State": 1,
      "Data": null,
      "Children": null
    },
    {
      "Type": "autoscaler",
      "State": 1,
      "Data": null,
      "Children": null
    },
    {
      "Type": "blockstorage",
      "State": 1,
      "Data": null,
      "Children": null
    },
    {
      "Type": "aws-load-balancer-controller",
      "State": 1,
      "Data": null,
      "Children": null
    },
    {
      "Type": "external-dns",
      "State": 1,
      "Data": null,
      "Children": null
    },
    {
      "Type": "postgres",
      "State": 1,
      "Data": null,
      "Children": null
    },
    {
      "Type": "nameserver-delegator-test",
      "State": 1,
      "Data": null,
      "Children": null
    },
    {
      "Type": "identity-manager",
      "State": 1,
      "Data": null,
      "Children": null
    },
    {
      "Type": "argocd",
      "State": 1,
      "Data": null,
      "Children": null
    },
    {
      "Type": "users",
      "State": 1,
      "Data": null,
      "Children": null
    },
    {
      "Type": "kubernetes-prometheus-stack",
      "State": 1,
      "Data": null,
      "Children": null
    },
    {
      "Type": "loki",
      "State": 1,
      "Data": null,
      "Children": null
    },
    {
      "Type": "promtail",
      "State": 1,
      "Data": null,
      "Children": null
    },
    {
      "Type": "tempo",
      "State": 1,
      "Data": null,
      "Children": null
    }
  ],
  "Reverse": [
    {
      "Type": "tempo",
      "State": 1,
      "Data": null,
      "Children": null
    },
    {
      "Type": "promtail",
      "State": 1,
      "Data": null,
      "Children": null
    },
    {
      "Type": "loki",
      "State": 1,
      "Data": null,
      "Children": null
    },
    {
      "Type": "kubernetes-prometheus-stack",
      "State": 1,
      "Data": null,
      "Children": null
    },
    {
      "Type": "users",
      "State": 1,
      "Data": null,
      "Children": null
    },
    {
      "Type": "argocd",
      "State": 1,
      "Data": null,
      "Children": null
    },
    {
      "Type": "identity-manager",
      "State": 1,
      "Data": null,
      "Children": null
    },
    {
      "Type": "nameserver-delegator-test",
      "State": 1,
      "Data": null,
      "Children": null
    },
    {
      "Type": "postgres",
      "State": 1,
      "Data": null,
      "Children": null
    },
    {
      "Type": "external-dns",
      "State": 1,
      "Data": null,
      "Children": null
    },
    {
      "Type": "aws-load-balancer-controller",
      "State": 1,
      "Data": null,
      "Children": null
    },
    {
      "Type": "blockstorage",
      "State": 1,
      "Data": null,
      "Children": null
    },
    {
      "Type": "autoscaler",
      "State": 1,
      "Data": null,
      "Children": null
    },
    {
      "Type": "external-secrets",
      "State": 1,
      "Data": null,
      "Children": null
    },
    {
      "Type": "cleanup-alb",
      "State": 1,
      "Data": null,
      "Children": null
    },
    {
      "Type": "cluster",
      "State": 1,
      "Data": null,
      "Children": null
    },
    {
      "Type": "cleanup-sg",
      "State": 1,
      "Data": null,
      "Children": null
    },
    {
      "Type": "vpc",
      "State": 1,
      "Data": null,
      "Children": null
    },
    {
      "Type": "nameserver-delegator",
      "State": 1,
      "Data": null,
      "Children": null
    },
    {
      "Type": "hosted-zone",
      "State": 1,
      "Data": null,
      "Children": null
    },
    {
      "Type": "service-quota",
      "State": 1,
      "Data": null,
      "Children": null
    }
  ]
}