
Successfully applied my-app

To finalize the changes:
- Commit and push the changes done by okctl
- Tag and push a docker image to your container repository. See instructions on
  https://www.okctl.io/running-a-docker-image-in-your-cluster/#push-a-docker-image-to-the-amazon-elastic-container-registry-ecr

