AWSTemplateFormatVersion: 2010-09-09
Outputs:
  RDSInstanceAdmin:
    Export:
      Name:
        Fn::Sub: ${AWS::StackName}-RDSInstanceAdmin
    Value:
      Ref: RDSInstanceAdmin
  RDSPGRotater:
    Export:
      Name:
        Fn::Sub: ${AWS::StackName}-RDSPGRotater
    Value:
      Fn::GetAtt:
      - RDSPGRotater
      - Arn
  RDSPGRotaterPolicy:
    Export:
      Name:
        Fn::Sub: ${AWS::StackName}-RDSPGRotaterPolicy
    Value:
      Ref: RDSPGRotaterPolicy
  RDSPGRotaterRoleArn:
    Export:
      Name:
        Fn::Sub: ${AWS::StackName}-RDSPGRotaterRoleArn
    Value:
      Fn::GetAtt:
      - RDSPGRotaterRole
      - Arn
  RDSPostgres:
    Export:
      Name:
        Fn::Sub: ${AWS::StackName}-RDSPostgres
    Value:
      Ref: RDSPostgres
  RDSPostgresEndpointAddress:
    Export:
      Name:
        Fn::Sub: ${AWS::StackName}-RDSPostgresEndpointAddress
    Value:
      Fn::GetAtt:
      - RDSPostgres
      - Endpoint.Address
  RDSPostgresEndpointPort:
    Export:
      Name:
        Fn::Sub: ${AWS::StackName}-RDSPostgresEndpointPort
    Value:
      Fn::GetAtt:
      - RDSPostgres
      - Endpoint.Port
  RDSPostgresOutgoing:
    Export:
      Name:
        Fn::Sub: ${AWS::StackName}-RDSPostgresOutgoing
    Value:
      Ref: RDSPostgresOutgoing
  RDSPostgresOutgoingGroupId:
    Export:
      Name:
        Fn::Sub: ${AWS::StackName}-RDSPostgresOutgoingGroupId
    Value:
      Fn::GetAtt:
      - RDSPostgresOutgoing
      - GroupId
Resources:
  RDSInstanceAdmin:
    Properties:
      GenerateSecretString:
        ExcludePunctuation: true
        GenerateStringKey: password
        PasswordLength: 16
        RequireEachIncludedType: true
        SecretStringTemplate: '{"username": "admin"}'
      Name: /okctl/cluster/postgres_admin
    Type: AWS::SecretsManager::Secret
  RDSPGMonitoringRole:
    Properties:
      AssumeRolePolicyDocument:
        Statement:
        - Action:
          - sts:AssumeRole
          Effect: Allow
          Principal:
            Service:
            - monitoring.rds.amazonaws.com
        Version: 2012-10-17
      ManagedPolicyArns:
      - arn:aws:iam::aws:policy/service-role/AmazonRDSEnhancedMonitoringRole
      PermissionsBoundary: arn:aws:iam::123456789012:policy/oslokommune/oslokommune-boundary
      RoleName: okctlclusterRDSPGMonitoringRole
    Type: AWS::IAM::Role
  RDSPGOutgoingSG:
    Properties:
      GroupDescription: Rotater lambda function outgoing Security Group
      GroupName: okctlclusterRDSPGOutgoingSG
      SecurityGroupEgress:
      - CidrIp: 192.168.1.0/20
        FromPort: 443
        IpProtocol: tcp
        ToPort: 443
      - CidrIp: 192.168.1.0/20
        FromPort: 5432
        IpProtocol: tcp
        ToPort: 5432
      - CidrIp: 192.168.2.0/20
        FromPort: 443
        IpProtocol: tcp
        ToPort: 443
      - CidrIp: 192.168.2.0/20
        FromPort: 5432
        IpProtocol: tcp
        ToPort: 5432
      VpcId: vpcid-w9ufe
    Type: AWS::EC2::SecurityGroup
  RDSPGParamGroup:
    Properties:
      Description: Postgres 13 property group
      Family: postgres13
      Parameters:
        log_duration: "on"
        log_min_duration_statement: "1000"
        log_statement: all
        max_connections: "100"
        pg_stat_statements.max: "10000"
        pg_stat_statements.track: all
        shared_preload_libraries: pg_stat_statements
    Type: AWS::RDS::DBParameterGroup
  RDSPGRotater:
    Properties:
      Code: {}
      Description: RDS Postgres Rotater
      Environment:
        Variables:
          SECRETS_MANAGER_ENDPOINT: eyAiRm46OlNlbGVjdCI6IFsgJ1x4MDAnLCAgImV5QWlSbTQ2T2tkbGRFRjBkQ0lnT2lCYklDSlNSRk5RUjFOTlZsQkRSVzVrY0c5cGJuUWlMQ0FpUkc1elJXNTBjbWxsY3lJZ1hTQjkiIF0gfQ==
      Handler: lambda_function.lambda_handler
      Role:
        Fn::GetAtt:
        - RDSPGRotaterRole
        - Arn
      Runtime: python3.8
      Timeout: 30
      VpcConfig:
        SecurityGroupIds:
        - Fn::GetAtt:
          - RDSPGOutgoingSG
          - GroupId
        SubnetIds:
        - dbsubnetid-123okf
        - dbsubnetid-fjeo338
    Type: AWS::Lambda::Function
  RDSPGRotaterPermission:
    Properties:
      Action: lambda:InvokeFunction
      FunctionName:
        Fn::GetAtt:
        - RDSPGRotater
        - Arn
      Principal: secretsmanager.amazonaws.com
    Type: AWS::Lambda::Permission
  RDSPGRotaterPolicy:
    Properties:
      Description: RDSPGRotaterPolicy
      ManagedPolicyName: okctlclusterRDSPGRotaterPolicy
      PolicyDocument:
        Statement:
        - Action:
          - secretsmanager:DescribeSecret
          - secretsmanager:GetSecretValue
          - secretsmanager:PutSecretValue
          - secretsmanager:UpdateSecretVersionStage
          Condition:
            StringEquals:
              secretsmanager:resource/AllowRotationLambdaArn:
                Fn::GetAtt:
                - RDSPGRotater
                - Arn
          Effect: Allow
          Resource:
          - '*'
        Version: 2012-10-17
    Type: AWS::IAM::ManagedPolicy
  RDSPGRotaterRole:
    Properties:
      AssumeRolePolicyDocument:
        Statement:
        - Action:
          - sts:AssumeRole
          Effect: Allow
          Principal:
            Service:
            - lambda.amazonaws.com
        Version: 2012-10-17
      ManagedPolicyArns:
      - arn:aws:iam::aws:policy/service-role/AWSLambdaBasicExecutionRole
      PermissionsBoundary: arn:aws:iam::123456789012:policy/oslokommune/oslokommune-boundary
      Policies:
      - PolicyDocument:
          Statement:
          - Action:
            - secretsmanager:GetRandomPassword
            Effect: Allow
            Resource:
            - '*'
          - Action:
            - ec2:CreateNetworkInterface
            - ec2:DeleteNetworkInterface
            - ec2:DescribeNetworkInterfaces
            Effect: Allow
            Resource:
            - '*'
          Version: 2012-10-17
        PolicyName: okctlclusterRDSPGRotaterPolicy
      RoleName: okctlclusterRDSPGRotaterRole
    Type: AWS::IAM::Role
  RDSPGSMVPCEndpoint:
    Properties:
      SecurityGroupIds:
      - Fn::GetAtt:
        - RDSPGSMVPCEndpointSG
        - GroupId
      ServiceName:
        Fn::Sub: com.amazonaws.${AWS::Region}.secretsmanager
      SubnetIds:
      - dbsubnetid-123okf
      - dbsubnetid-fjeo338
      VpcEndpointType: Interface
      VpcId: vpcid-w9ufe
    Type: AWS::EC2::VPCEndpoint
  RDSPGSMVPCEndpointSG:
    Properties:
      GroupDescription: SecretsManager VPC Endpoint incoming
      GroupName: okctlclusterRDSPGSMVPCEndpointSG
      SecurityGroupIngress:
      - FromPort: 443
        IpProtocol: tcp
        SourceSecurityGroupId:
          Fn::GetAtt:
          - RDSPGOutgoingSG
          - GroupId
        ToPort: 443
      VpcId: vpcid-w9ufe
    Type: AWS::EC2::SecurityGroup
  RDSPostgres:
    DependsOn:
    - RDSPGParamGroup
    - RDSPGMonitoringRole
    Properties:
      AllocatedStorage: "20"
      AutoMinorVersionUpgrade: true
      BackupRetentionPeriod: 7
      CopyTagsToSnapshot: true
      DBInstanceClass: db.t3.small
      DBInstanceIdentifier: cluster-okctl
      DBName: okctl
      DBParameterGroupName:
        Ref: RDSPGParamGroup
      DBSubnetGroupName: myDBSubnetGroupName
      DeleteAutomatedBackups: true
      EnableCloudwatchLogsExports:
      - postgresql
      - upgrade
      EnablePerformanceInsights: true
      Engine: postgres
      EngineVersion: "13.5"
      MasterUserPassword:
        Fn::Sub: '{{resolve:secretsmanager:${RDSInstanceAdmin}::password}}'
      MasterUsername:
        Fn::Sub: '{{resolve:secretsmanager:${RDSInstanceAdmin}::username}}'
      MaxAllocatedStorage: 100
      MonitoringInterval: 10
      MonitoringRoleArn:
        Fn::GetAtt:
        - RDSPGMonitoringRole
        - Arn
      MultiAZ: true
      PerformanceInsightsRetentionPeriod: 7
      Port: "5432"
      PreferredBackupWindow: 03:00-06:00
      PreferredMaintenanceWindow: Mon:00:00-Mon:03:00
      StorageEncrypted: true
      StorageType: gp2
      UseDefaultProcessorFeatures: true
      VPCSecurityGroups:
      - Fn::GetAtt:
        - RDSPostgresIncoming
        - GroupId
    Type: AWS::RDS::DBInstance
  RDSPostgresIncoming:
    Properties:
      GroupDescription: RDS Postgres Incoming Security Group
      GroupName: okctlclusterRDSPostgresIncoming
      SecurityGroupIngress:
      - FromPort: 5432
        IpProtocol: tcp
        SourceSecurityGroupId:
          Fn::GetAtt:
          - RDSPostgresOutgoing
          - GroupId
        ToPort: 5432
      - FromPort: 5432
        IpProtocol: tcp
        SourceSecurityGroupId:
          Fn::GetAtt:
          - RDSPGOutgoingSG
          - GroupId
        ToPort: 5432
      VpcId: vpcid-w9ufe
    Type: AWS::EC2::SecurityGroup
  RDSPostgresOutgoing:
    Properties:
      GroupDescription: RDS Postgres Outgoing Security Group
      GroupName: okctlclusterRDSPostgresOutgoing
      SecurityGroupEgress:
      - CidrIp: 192.168.1.0/20
        FromPort: 5432
        IpProtocol: tcp
        ToPort: 5432
      - CidrIp: 192.168.2.0/20
        FromPort: 5432
        IpProtocol: tcp
        ToPort: 5432
      VpcId: vpcid-w9ufe
    Type: AWS::EC2::SecurityGroup
  SecretTargetAttachment:
    Properties:
      SecretId:
        Ref: RDSInstanceAdmin
      TargetId:
        Ref: RDSPostgres
      TargetType: AWS::RDS::DBInstance
    Type: AWS::SecretsManager::SecretTargetAttachment
