AWSTemplateFormatVersion: 2010-09-09
Outputs:
  myBucketclusterdevS3Bucket:
    Export:
      Name:
        Fn::Sub: ${AWS::StackName}-myBucketclusterdevS3Bucket
    Value:
      Ref: myBucketclusterdevS3Bucket
Resources:
  myBucketclusterdevS3Bucket:
    Properties:
      AccessControl: BucketOwnerFullControl
      BucketName: myBucket
    Type: AWS::S3::Bucket
