AWSTemplateFormatVersion: 2010-09-09
Outputs:
  myBucketclusterS3Bucket:
    Export:
      Name:
        Fn::Sub: ${AWS::StackName}-myBucketclusterS3Bucket
    Value:
      Ref: myBucketclusterS3Bucket
Resources:
  myBucketclusterS3Bucket:
    Properties:
      AccessControl: BucketOwnerFullControl
      BucketName: myBucket
    Type: AWS::S3::Bucket
