AWSTemplateFormatVersion: 2010-09-09
Outputs:
  argocdClientID:
    Export:
      Name:
        Fn::Sub: ${AWS::StackName}-argocdClientID
    Value:
      Ref: UserPoolClientargocd
Resources:
  UserPoolClientargocd:
    Properties:
      AllowedOAuthFlows:
      - code
      AllowedOAuthFlowsUserPoolClient: true
      AllowedOAuthScopes:
      - email
      - profile
      - openid
      CallbackURLs:
      - https://argocd/callback
      ClientName: okctl-test-argocd
      DefaultRedirectURI: https://argocd/callback
      ExplicitAuthFlows:
      - ALLOW_USER_SRP_AUTH
      - ALLOW_CUSTOM_AUTH
      - ALLOW_REFRESH_TOKEN_AUTH
      - ALLOW_USER_PASSWORD_AUTH
      GenerateSecret: true
      PreventUserExistenceErrors: ENABLED
      RefreshTokenValidity: 30
      SupportedIdentityProviders:
      - COGNITO
      UserPoolId: GHFE723FAKE
    Type: AWS::Cognito::UserPoolClient
