AWSTemplateFormatVersion: 2010-09-09
Outputs:
  Arn:
    Export:
      Name:
        Fn::Sub: ${AWS::StackName}-Arn
    Value:
      Fn::GetAtt:
      - UserPool
      - Arn
  ProviderName:
    Export:
      Name:
        Fn::Sub: ${AWS::StackName}-ProvideName
    Value:
      Fn::GetAtt:
      - UserPool
      - ProviderName
  ProviderURL:
    Export:
      Name:
        Fn::Sub: ${AWS::StackName}-ProviderURL
    Value:
      Fn::GetAtt:
      - UserPool
      - ProviderURL
  UserPool:
    Export:
      Name:
        Fn::Sub: ${AWS::StackName}-UserPool
    Value:
      Ref: UserPool
Resources:
  RecordSetPlaceHolder:
    Properties:
      HostedZoneId: HFJE38983FAKE
      Name: oslo.systems
      ResourceRecords:
      - 1.1.1.1
      TTL: "60"
      Type: A
    Type: AWS::Route53::RecordSet
  UserPool:
    Properties:
      AccountRecoverySetting:
        RecoveryMechanisms:
        - Name: admin_only
          Priority: 1
      AdminCreateUserConfig:
        AllowAdminCreateUserOnly: true
        InviteMessageTemplate:
          EmailMessage: Your username is {username} and temporary password is {####}
          EmailSubject: Your temporary password for test
      AutoVerifiedAttributes:
      - email
      DeviceConfiguration:
        ChallengeRequiredOnNewDevice: true
        DeviceOnlyRememberedOnUserPrompt: true
      EmailConfiguration:
        EmailSendingAccount: COGNITO_DEFAULT
      EmailVerificationMessage: Your verification code is {####}.
      EmailVerificationSubject: Your verification code for test
      Policies:
        PasswordPolicy:
          MinimumLength: 8
          RequireLowercase: true
          RequireNumbers: true
          RequireSymbols: true
          RequireUppercase: true
          TemporaryPasswordValidityDays: 7
      Schema:
      - Name: email
        Required: true
      - AttributeDataType: String
        Mutable: true
        Name: name
        Required: true
      UserPoolAddOns:
        AdvancedSecurityMode: AUDIT
      UserPoolName: okctl-test-userpool
      UsernameAttributes:
      - email
      VerificationMessageTemplate:
        DefaultEmailOption: CONFIRM_WITH_LINK
        EmailMessage: Your verification code is {####}.
        EmailSubject: Your verification code for test
    Type: AWS::Cognito::UserPool
  UserPoolDomain:
    DependsOn:
    - UserPool
    - RecordSetPlaceHolder
    Properties:
      CustomDomainConfig:
        CertificateArn: arn://certificate/ihfieh9e9FAKE
      Domain: auth.oslo.systems
      UserPoolId:
        Ref: UserPool
    Type: AWS::Cognito::UserPoolDomain
  UserPoolGroup:
    DependsOn:
    - UserPool
    Properties:
      GroupName: admins
      Precedence: 10
      UserPoolId:
        Ref: UserPool
    Type: AWS::Cognito::UserPoolGroup
