{"Type":"AWS::Cognito::UserPoolUser","Properties":{"DesiredDeliveryMediums":["EMAIL"],"ForceAliasCreation":true,"UserAttributes":[{"Name":"email","Value":"testperson@origo.oslokommune.no"},{"Name":"name","Value":"testperson@origo.oslokommune.no"},{"Name":"email_verified","Value":"True"}],"UserPoolId":"ABCJE378FAKE","Username":"testperson@origo.oslokommune.no"}}