{"Type":"AWS::Cognito::UserPoolClient","Properties":{"AllowedOAuthFlows":["code"],"AllowedOAuthFlowsUserPoolClient":true,"AllowedOAuthScopes":["email","openid"],"CallbackURLs":["https://argocd/callback"],"ClientName":"okctl-test-test-argocd","DefaultRedirectURI":"https://argocd/callback","GenerateSecret":true,"PreventUserExistenceErrors":"ENABLED","ReadAttributes":["email","openid"],"RefreshTokenValidity":30,"UserPoolId":"GHFJE78FAKE"}}