{"Type":"AWS::Cognito::UserPoolClient","Properties":{"AllowedOAuthFlows":["code"],"AllowedOAuthFlowsUserPoolClient":true,"AllowedOAuthScopes":["email","profile","openid"],"CallbackURLs":["https://argocd/callback"],"ClientName":"okctl-test-test-argocd","DefaultRedirectURI":"https://argocd/callback","GenerateSecret":true,"PreventUserExistenceErrors":"ENABLED","RefreshTokenValidity":30,"SupportedIdentityProviders":["COGNITO"],"UserPoolId":"GHFJE78FAKE"}}