{"Type":"AWS::Cognito::UserPoolClient","Properties":{"AllowedOAuthFlows":["code"],"AllowedOAuthFlowsUserPoolClient":true,"AllowedOAuthScopes":["email","profile","openid"],"CallbackURLs":["https://argocd/callback"],"ClientName":"okctl-test-argocd","DefaultRedirectURI":"https://argocd/callback","ExplicitAuthFlows":["ALLOW_USER_SRP_AUTH","ALLOW_CUSTOM_AUTH","ALLOW_REFRESH_TOKEN_AUTH","ALLOW_USER_PASSWORD_AUTH"],"GenerateSecret":true,"PreventUserExistenceErrors":"ENABLED","RefreshTokenValidity":30,"SupportedIdentityProviders":["COGNITO"],"UserPoolId":"GHFJE78FAKE"}}