metadata:
    name: okctl
    region: eu-west-1
    outputdir: infrastructure
clusters:
    pro:
        name: okctl-pro
        environment: pro
        awsaccountid: "123456789012"
        hostedzone:
            test.oslo.systems:
                isdelegated: true
                primary: false
                managed: true
                id: HADS787FFFAKE
                domain: test.oslo.systems
                fqdn: test.oslo.systems
                nameservers:
                    - ns1.aws.com
                    - ns2.aws.com
        vpc:
            vpcid: 3456ygfghj
            cidr: 192.168.0.0/20
            databasesubnetsgroupname: ""
            subnets:
                private:
                    - id: ""
                      cidr: 192.168.10.0/24
                      availabilityzone: eu-west-1c
                public:
                    - id: ""
                      cidr: 192.168.0.0/24
                      availabilityzone: eu-west-1a
        certificates:
            argocd.test.oslo.systems:
                domain: argocd.test.oslo.systems
                arn: arn:::cert/something
        github:
            organisation: oslokommune
            oauthapp:
                okctl-kjøremlijø-pro:
                    team: kjøremiljø
                    name: okctl-kjøremiljø-pro
                    siteurl: ""
                    callbackurl: ""
                    clientid: asdfg123456
                    clientsecret:
                        name: argocd-client-secret
                        path: /something/argocd
                        version: 1
            repositories:
                oslokommune/okctl-iac:
                    name: okctl-iac
                    fullname: ""
                    organization: ""
                    types:
                        - infrastructure
                    giturl: git@github.com/oslokommune/okctl-iac
                    deploykey:
                        title: okctl-kjøremlijø-pro
                        id: 23456865
                        publickey: ssh-rsa 098f09ujf9rewjvjlejf3jf933
                        privatekeysecret:
                            name: okctl-kjøremiljø-pro
                            path: /something/privatekey
                            version: 1
        argocd:
            siteurl: https://argocd.oslo.systems
            domain: argocd.oslo.systems
            secretkey:
                name: something
                path: /some/path
                version: 1
        identitypool:
            userpoolid: GHJWF879FAKE
            authdomain: auth.oslo.systems
            alias:
                aliasdomain: cloudfront-us-east-1-something.aws.com
                aliashostedzone: GHU767FAKE
            clients:
                argocd:
                    purpose: argocd
                    callbackurl: https://argocd.oslo.systems/api/dex/callback
                    clientid: gfhoewfjie83933fake
                    clientsecret:
                        name: ""
                        path: ""
                        version: 0
            users: {}
        monitoring:
            dashboardurl: ""
        databases: {}
