Clusters:
  pro:
    AWSAccountID: "123456789012"
    ArgoCD: null
    Certificates:
      argocd.test.oslo.systems: arn:::cert/something
    Environment: pro
    Github:
      OauthApp:
        okctl-kjøremlijø-pro:
          CallbackURL: ""
          ClientID: asdfg123456
          ClientSecret:
            Name: argocd-client-secret
            Path: /something/argocd
            Version: 1
          Name: okctl-kjøremiljø-pro
          SiteURL: ""
          Team: kjøremiljø
      Organisation: oslokommune
      Repositories:
        oslokommune/okctl-iac:
          DeployKey:
            ID: 23456865
            PrivateKeySecret:
              Name: okctl-kjøremiljø-pro
              Path: /something/privatekey
              Version: 1
            PublicKey: ssh-rsa 098f09ujf9rewjvjlejf3jf933
            Title: okctl-kjøremlijø-pro
          FullName: ""
          GitURL: git@github.com/oslokommune/okctl-iac
          Name: okctl-iac
          Types:
          - infrastructure
    HostedZone:
      test.oslo.systems:
        Domain: test.oslo.systems
        FQDN: test.oslo.systems
        IsCreated: false
        IsDelegated: true
        NameServers:
        - ns1.aws.com
        - ns2.aws.com
        Primary: false
    Name: okctl-pro
    VPC:
      CIDR: 192.168.0.0/20
      VpcID: 3456ygfghj
Name: okctl
OutputDir: infrastructure
Region: eu-west-1
