AWSTemplateFormatVersion: 2010-09-09
Outputs:
  mySecretsManagerEndpointDnsEntries:
    Export:
      Name:
        Fn::Sub: ${AWS::StackName}-mySecretsManagerEndpointDnsEntries
    Value:
      Fn::GetAtt:
      - mySecretsManagerEndpoint
      - DnsEntries
Resources:
  mySecretsManagerEndpoint:
    Properties:
      SecurityGroupIds:
      - Fn::GetAtt:
        - mySecurityGroup
        - GroupId
      ServiceName:
        Fn::Sub: com.amazonaws.${AWS::Region}.secretsmanager
      SubnetIds:
      - subnetid-0ei0fgi
      - subnetid-0ie0fie
      VpcEndpointType: Interface
      VpcId: vpcid-30fejkjhs
    Type: AWS::EC2::VPCEndpoint
