apiVersion: eksctl.io/v1alpha5
iam:
  serviceAccounts:
  - attachPolicyARNs:
    - arn:aws:iam::123456789012:policy/somePolicy
    metadata:
      labels:
        label: some-label
      name: someName
      namespace: kube-system
    permissionsBoundary: arn:aws:iam::123456789012:policy/oslokommune/oslokommune-boundary
  withOIDC: true
kind: ClusterConfig
metadata:
  name: test
  region: eu-west-1
