apiVersion: eksctl.io/v1alpha5
fargateProfiles:
- name: fp-default
  selectors:
  - namespace: default
  - namespace: kube-system
iam:
  fargatePodExecutionRolePermissionsBoundary: ""
  serviceRolePermissionsBoundary: ""
  withOIDC: true
kind: ClusterConfig
metadata:
  name: ""
  region: ""
nodeGroups: null
vpc:
  cidr: ""
  clusterEndpoints:
    privateAccess: true
    publicAccess: true
  id: ""
  subnets:
    private: {}
    public: {}
