-----BEGIN OPENSSH PRIVATE KEY-----
b3BlbnNzaC1rZXktdjEAAAAABG5vbmUAAAAEbm9uZQAAAAAAAAABAAAAMwAAAAtz
c2gtZWQyNTUxOQAAACAODbbB6L/O5z3Z9QYbT3JI8945sx176rVpE6yBpWJtBAAA
AIOaywRCmssEQgAAAAtzc2gtZWQyNTUxOQAAACAODbbB6L/O5z3Z9QYbT3JI8945
sx176rVpE6yBpWJtBAAAAEBnbDNPqAHooK8yHdtfiJenmTz06QCguDXnQGPYpCe2
KA4NtsHov87nPdn1BhtPckjz3jmzHXvqtWkTrIGlYm0EAAAAAA==
-----END OPENSSH PRIVATE KEY-----
