Found 2 applicable upgrade(s):
0.0.62.a, 0.0.63

preloading missing binary: okctl-upgrade_0.0.62.a (0.0.62.a)
Simulating upgrades...

--- Simulating upgrade: okctl-upgrade_0.0.62.a ---
This is upgrade file for okctl-upgrade_0.0.62.a_Linux_amd64
--- Simulating upgrade: okctl-upgrade_0.0.63 ---
This is upgrade file for okctl-upgrade_0.0.63_Linux_amd64

Simulating upgrades complete.

--- Running upgrade: okctl-upgrade_0.0.62.a ---
This is upgrade file for okctl-upgrade_0.0.62.a_Linux_amd64
--- Running upgrade: okctl-upgrade_0.0.63 ---
This is upgrade file for okctl-upgrade_0.0.63_Linux_amd64

Upgrade complete! Cluster version has been upgraded to your okctl version: 0.0.65. Remember to commit and push changes with git.
