Found 4 upgrade(s):
0.0.61, 0.0.62, 0.0.63, 0.0.64

4 remaining upgrades after removing already executed:
0.0.61, 0.0.62, 0.0.63, 0.0.64

3 remaining upgrades after removing too new upgrades:
0.0.61, 0.0.62, 0.0.63

2 remaining upgrades after removing too old upgrades:
0.0.62, 0.0.63

Found 2 applicable upgrade(s):
0.0.62, 0.0.63

preloading missing binary: okctl-upgrade_0.0.62 (0.0.62)
preloading missing binary: okctl-upgrade_0.0.63 (0.0.63)
Simulating upgrades...

--- Simulating upgrade: okctl-upgrade_0.0.62 ---
This is upgrade file for okctl-upgrade_0.0.62_Linux_amd64
--- Simulating upgrade: okctl-upgrade_0.0.63 ---
This is upgrade file for okctl-upgrade_0.0.63_Linux_amd64

Simulating upgrades complete.

--- Running upgrade: okctl-upgrade_0.0.62 ---
This is upgrade file for okctl-upgrade_0.0.62_Linux_amd64
--- Running upgrade: okctl-upgrade_0.0.63 ---
This is upgrade file for okctl-upgrade_0.0.63_Linux_amd64

Upgrade complete! Cluster version has been upgraded to your okctl version: 0.0.63. Remember to commit and push changes with git.
