preloading missing binary: okctl-upgrade_0.0.61 (0.0.61)
preloading missing binary: okctl-upgrade_0.0.62 (0.0.62)
preloading missing binary: okctl-upgrade_0.0.63 (0.0.63)
--- Running upgrade: 0.0.61 ---
This is upgrade file for okctl-upgrade_0.0.61_Linux_amd64
--- Running upgrade: 0.0.62 ---
This is upgrade file for okctl-upgrade_0.0.62_Linux_amd64
--- Running upgrade: 0.0.63 ---
This is upgrade file for okctl-upgrade_0.0.63_Linux_amd64
