Okctl needs to initialize parts of the cluster state to support upgrades. Afterwards you should commit and push changes to git.
If you want more details, see https://okctl.io/getting-started/upgrading

Did not find any applicable upgrades. Cluster version will be updated regardless.

Upgrade complete, cluster version is now 0.0.60. Remember to commit and push changes with git.
