[{"op":"add","path":"/metadata/annotations/alb.ingress.kubernetes.io~1certificate-arn","value":"arn:which:isnt:an:arn"},{"op":"add","path":"/spec/rules/0/host","value":"okctl.kjoremiljo.oslo.systems"},{"op":"add","path":"/spec/tls","value":[]},{"op":"add","path":"/spec/tls/0","value":{}},{"op":"add","path":"/spec/tls/0/hosts","value":["okctl.kjoremiljo.oslo.systems"]}]