apiVersion: argoproj.io/v1alpha1kind: Applicationmetadata:  creationTimestamp: null  name: my-app  namespace: argocdspec:  destination:    namespace: <namespace your app should run in>    server: https://kubernetes.default.svc  project: default  source:    path: base/my-app    repoURL: git@dummy.com:test/repo.git    targetRevision: HEAD  syncPolicy:    automated:      prune: false      selfHeal: false---