AWSTemplateFormatVersion: 2010-09-09
Outputs:
  myAdminSecret:
    Export:
      Name:
        Fn::Sub: ${AWS::StackName}-myAdminSecret
    Value:
      Ref: myAdminSecret
Resources:
  myAdminSecret:
    Properties:
      GenerateSecretString:
        ExcludePunctuation: true
        GenerateStringKey: password
        PasswordLength: 16
        RequireEachIncludedType: true
        SecretStringTemplate: '{"username": "admin"}'
      Name: /something/env/app
    Type: AWS::SecretsManager::Secret
