{
  "Normal": [
    {
      "Type": "group",
      "State": 1,
      "Data": null,
      "Children": null
    },
    {
      "Type": "test-type1",
      "State": 1,
      "Data": null,
      "Children": null
    },
    {
      "Type": "test-type2",
      "State": 1,
      "Data": null,
      "Children": null
    }
  ],
  "Reverse": [
    {
      "Type": "test-type2",
      "State": 1,
      "Data": null,
      "Children": null
    },
    {
      "Type": "test-type1",
      "State": 1,
      "Data": null,
      "Children": null
    },
    {
      "Type": "group",
      "State": 1,
      "Data": null,
      "Children": null
    }
  ]
}